V3 41
FL /home/seth.ballance/Desktop/Architecture-Project/Architecture/alu.vhd 2018/03/20.16:55:18 P.20131013
EN work/alu 1521591131 \
      FL /home/seth.ballance/Desktop/Architecture-Project/Architecture/alu.vhd \
      PB ieee/std_logic_1164 1381692176 PB ieee/std_logic_arith 1381692177 \
      PB ieee/STD_LOGIC_UNSIGNED 1381692179 PH work/common 1521591130
AR work/alu/Behavioral 1521591132 \
      FL /home/seth.ballance/Desktop/Architecture-Project/Architecture/alu.vhd \
      EN work/alu 1521591131
FL /home/seth.ballance/Desktop/Architecture-Project/Architecture/booths_architecture.vhd 2018/03/20.16:38:07 P.20131013
EN work/booths_architecture 1521590555 \
      FL /home/seth.ballance/Desktop/Architecture-Project/Architecture/booths_architecture.vhd \
      PB ieee/std_logic_1164 1381692176 PB ieee/std_logic_arith 1381692177 \
      PB ieee/STD_LOGIC_UNSIGNED 1381692179
AR work/booths_architecture/Behavioral 1521590556 \
      FL /home/seth.ballance/Desktop/Architecture-Project/Architecture/booths_architecture.vhd \
      EN work/booths_architecture 1521590555 CP cpu_core CP io CP seven_segment
FL /home/seth.ballance/Desktop/Architecture-Project/Architecture/common.vhd 2018/03/20.15:58:43 P.20131013
PH work/common 1521591130 \
      FL /home/seth.ballance/Desktop/Architecture-Project/Architecture/common.vhd \
      PB ieee/std_logic_1164 1381692176
FL /home/seth.ballance/Desktop/Architecture-Project/Architecture/cpu_core.vhd 2018/03/20.17:02:05 P.20131013
EN work/cpu_core 1521590553 \
      FL /home/seth.ballance/Desktop/Architecture-Project/Architecture/cpu_core.vhd \
      PB ieee/std_logic_1164 1381692176 PB ieee/std_logic_arith 1381692177 \
      PB ieee/STD_LOGIC_UNSIGNED 1381692179
AR work/cpu_core/Behavioral 1521590554 \
      FL /home/seth.ballance/Desktop/Architecture-Project/Architecture/cpu_core.vhd \
      EN work/cpu_core 1521590553 CP opc_fetch CP opcode_decoder CP data_path
FL /home/seth.ballance/Desktop/Architecture-Project/Architecture/data_path.vhd 2018/03/20.16:45:52 P.20131013
EN work/data_path 1521590551 \
      FL /home/seth.ballance/Desktop/Architecture-Project/Architecture/data_path.vhd \
      PB ieee/std_logic_1164 1381692176 PB ieee/std_logic_arith 1381692177 \
      PB ieee/STD_LOGIC_UNSIGNED 1381692179 PH work/common 1521591130
AR work/data_path/behavioral 1521590552 \
      FL /home/seth.ballance/Desktop/Architecture-Project/Architecture/data_path.vhd \
      EN work/data_path 1521590551 CP alu CP register_file
FL /home/seth.ballance/Desktop/Architecture-Project/Architecture/opcode_decoder.vhd 2018/03/20.14:25:23 P.20131013
EN work/opcode_decoder 0 \
      FL /home/seth.ballance/Desktop/Architecture-Project/Architecture/opcode_decoder.vhd \
      PB ieee/std_logic_1164 1381692176 PB ieee/std_logic_arith 1381692177 \
      PB ieee/STD_LOGIC_UNSIGNED 1381692179 PH work/common 1521591130
AR work/opcode_decoder/Behavioral 0 \
      FL /home/seth.ballance/Desktop/Architecture-Project/Architecture/opcode_decoder.vhd \
      EN work/opcode_decoder 0
FL /home/seth.ballance/Desktop/Architecture-Project/Architecture/opc_fetch.vhd 2018/03/20.16:53:12 P.20131013
EN work/opc_fetch 1521591135 \
      FL /home/seth.ballance/Desktop/Architecture-Project/Architecture/opc_fetch.vhd \
      PB ieee/std_logic_1164 1381692176 PB ieee/std_logic_arith 1381692177 \
      PB ieee/STD_LOGIC_UNSIGNED 1381692179
AR work/opc_fetch/Behavioral 1521591136 \
      FL /home/seth.ballance/Desktop/Architecture-Project/Architecture/opc_fetch.vhd \
      EN work/opc_fetch 1521591135 CP program_memory
FL /home/seth.ballance/Desktop/Architecture-Project/Architecture/register_16.vhd 2018/03/20.14:42:21 P.20131013
EN work/register_16 1521591128 \
      FL /home/seth.ballance/Desktop/Architecture-Project/Architecture/register_16.vhd \
      PB ieee/std_logic_1164 1381692176 PB ieee/std_logic_arith 1381692177 \
      PB ieee/STD_LOGIC_UNSIGNED 1381692179
AR work/register_16/Behavioral 1521591129 \
      FL /home/seth.ballance/Desktop/Architecture-Project/Architecture/register_16.vhd \
      EN work/register_16 1521591128
FL /home/seth.ballance/Desktop/Architecture-Project/Architecture/register_file.vhd 2018/03/20.16:56:26 P.20131013
EN work/register_file 1521591133 \
      FL /home/seth.ballance/Desktop/Architecture-Project/Architecture/register_file.vhd \
      PB ieee/std_logic_1164 1381692176 PB ieee/STD_LOGIC_UNSIGNED 1381692179 \
      PB ieee/std_logic_arith 1381692177
AR work/register_file/Behavioral 1521591134 \
      FL /home/seth.ballance/Desktop/Architecture-Project/Architecture/register_file.vhd \
      EN work/register_file 1521591133 CP register_16
FL /home/seth.ballance/Desktop/Architecture-Project/Architecture/seven_segment.vhd 2018/03/20.14:36:43 P.20131013
EN work/seven_segment 0 \
      FL /home/seth.ballance/Desktop/Architecture-Project/Architecture/seven_segment.vhd \
      PB ieee/std_logic_1164 1381692176 PB ieee/std_logic_arith 1381692177 \
      PB ieee/STD_LOGIC_UNSIGNED 1381692179
AR work/seven_segment/Behavioral 0 \
      FL /home/seth.ballance/Desktop/Architecture-Project/Architecture/seven_segment.vhd \
      EN work/seven_segment 0
FL /home/seth.ballance/Desktop/Architecture-Project/Architecture/src/register_16.vhd 2018/03/20.13:35:24 P.20131013
FL /home/seth.ballance/Desktop/Architecture-Project/Architecture/src/register_file.vhd 2018/03/20.13:27:36 P.20131013
