AR register_file behavioral /home/seth.ballance/Desktop/Architecture-Project/Architecture/register_file.vhd sub00/vhpl12 1521603122
EN booths_architecture NULL /home/seth.ballance/Desktop/Architecture-Project/Architecture/booths_architecture.vhd sub00/vhpl00 1521601726
EN register_16 NULL /home/seth.ballance/Desktop/Architecture-Project/Architecture/register_16.vhd sub00/vhpl09 1521603113
EN opcode_decoder NULL /home/seth.ballance/Desktop/Architecture-Project/Architecture/opcode_decoder.vhd sub00/vhpl15 1521601718
AR program_memory behavioral /home/seth.ballance/Desktop/Architecture-Project/Architecture/program_memory.vhd sub00/vhpl20 1521603124
AR seven_segment behavioral /home/seth.ballance/Desktop/Architecture-Project/Architecture/seven_segment.vhd sub00/vhpl18 1521601725
AR register_16 behavioral /home/seth.ballance/Desktop/Architecture-Project/Architecture/register_16.vhd sub00/vhpl10 1521603114
AR cpu_core behavioral /home/seth.ballance/Desktop/Architecture-Project/Architecture/cpu_core.vhd sub00/vhpl03 1521601723
EN data_path NULL /home/seth.ballance/Desktop/Architecture-Project/Architecture/data_path.vhd sub00/vhpl05 1521601720
EN ramb4_s4_s4 NULL /home/seth.ballance/Desktop/Architecture-Project/New/ramb4_s4_s4.vhd sub00/vhpl21 1521603117
AR ramb4_s4_s4 behavioral /home/seth.ballance/Desktop/Architecture-Project/New/ramb4_s4_s4.vhd sub00/vhpl22 1521603118
EN seven_segment NULL /home/seth.ballance/Desktop/Architecture-Project/Architecture/seven_segment.vhd sub00/vhpl17 1521601724
EN register_file NULL /home/seth.ballance/Desktop/Architecture-Project/Architecture/register_file.vhd sub00/vhpl11 1521603121
AR booths_architecture behavioral /home/seth.ballance/Desktop/Architecture-Project/Architecture/booths_architecture.vhd sub00/vhpl01 1521601727
AR opcode_decoder behavioral /home/seth.ballance/Desktop/Architecture-Project/Architecture/opcode_decoder.vhd sub00/vhpl16 1521601719
PH common NULL /home/seth.ballance/Desktop/Architecture-Project/Architecture/common.vhd sub00/vhpl04 1521603115
PH program_memory_content NULL /home/seth.ballance/Desktop/Architecture-Project/New/program_memory_content.vhd sub00/vhpl23 1521603116
EN program_memory NULL /home/seth.ballance/Desktop/Architecture-Project/Architecture/program_memory.vhd sub00/vhpl19 1521603123
EN opc_fetch NULL /home/seth.ballance/Desktop/Architecture-Project/Architecture/opc_fetch.vhd sub00/vhpl13 1521601716
AR alu behavioral /home/seth.ballance/Desktop/Architecture-Project/Architecture/alu.vhd sub00/vhpl08 1521603120
AR data_path behavioral /home/seth.ballance/Desktop/Architecture-Project/Architecture/data_path.vhd sub00/vhpl06 1521601721
AR opc_fetch behavioral /home/seth.ballance/Desktop/Architecture-Project/Architecture/opc_fetch.vhd sub00/vhpl14 1521601717
EN cpu_core NULL /home/seth.ballance/Desktop/Architecture-Project/Architecture/cpu_core.vhd sub00/vhpl02 1521601722
EN uart_rx NULL /home/seth.ballance/Desktop/Architecture-Project/Architecture/uart_rx.vhd sub00/vhpl24 1521603125
EN alu NULL /home/seth.ballance/Desktop/Architecture-Project/Architecture/alu.vhd sub00/vhpl07 1521603119
