V3 55
FL /home/seth.ballance/Desktop/Architecture-Project/Architecture/alu.vhd 2018/03/20.18:23:42 P.20131013
EN work/alu 1521603119 \
      FL /home/seth.ballance/Desktop/Architecture-Project/Architecture/alu.vhd \
      PB ieee/std_logic_1164 1381692176 PB ieee/std_logic_arith 1381692177 \
      PB ieee/STD_LOGIC_UNSIGNED 1381692179 PH work/common 1521603115
AR work/alu/Behavioral 1521603120 \
      FL /home/seth.ballance/Desktop/Architecture-Project/Architecture/alu.vhd \
      EN work/alu 1521603119
FL /home/seth.ballance/Desktop/Architecture-Project/Architecture/booths_architecture.vhd 2018/03/20.17:27:44 P.20131013
EN work/booths_architecture 1521601726 \
      FL /home/seth.ballance/Desktop/Architecture-Project/Architecture/booths_architecture.vhd \
      PB ieee/std_logic_1164 1381692176 PB ieee/std_logic_arith 1381692177 \
      PB ieee/STD_LOGIC_UNSIGNED 1381692179
AR work/booths_architecture/Behavioral 1521601727 \
      FL /home/seth.ballance/Desktop/Architecture-Project/Architecture/booths_architecture.vhd \
      EN work/booths_architecture 1521601726 CP cpu_core CP io CP seven_segment
FL /home/seth.ballance/Desktop/Architecture-Project/Architecture/common.vhd 2018/03/20.15:58:43 P.20131013
PH work/common 1521603115 \
      FL /home/seth.ballance/Desktop/Architecture-Project/Architecture/common.vhd \
      PB ieee/std_logic_1164 1381692176
FL /home/seth.ballance/Desktop/Architecture-Project/Architecture/cpu_core.vhd 2018/03/20.17:50:32 P.20131013
EN work/cpu_core 1521601722 \
      FL /home/seth.ballance/Desktop/Architecture-Project/Architecture/cpu_core.vhd \
      PB ieee/std_logic_1164 1381692176 PB ieee/std_logic_arith 1381692177 \
      PB ieee/STD_LOGIC_UNSIGNED 1381692179
AR work/cpu_core/Behavioral 1521601723 \
      FL /home/seth.ballance/Desktop/Architecture-Project/Architecture/cpu_core.vhd \
      EN work/cpu_core 1521601722 CP opc_fetch CP opcode_decoder CP data_path
FL /home/seth.ballance/Desktop/Architecture-Project/Architecture/data_path.vhd 2018/03/20.18:09:09 P.20131013
EN work/data_path 1521601720 \
      FL /home/seth.ballance/Desktop/Architecture-Project/Architecture/data_path.vhd \
      PB ieee/std_logic_1164 1381692176 PB ieee/std_logic_arith 1381692177 \
      PB ieee/STD_LOGIC_UNSIGNED 1381692179 PH work/common 1521603115
AR work/data_path/behavioral 1521601721 \
      FL /home/seth.ballance/Desktop/Architecture-Project/Architecture/data_path.vhd \
      EN work/data_path 1521601720 CP alu CP register_file
FL /home/seth.ballance/Desktop/Architecture-Project/Architecture/opcode_decoder.vhd 2018/03/20.17:52:03 P.20131013
EN work/opcode_decoder 1521601718 \
      FL /home/seth.ballance/Desktop/Architecture-Project/Architecture/opcode_decoder.vhd \
      PB ieee/std_logic_1164 1381692176 PB ieee/std_logic_arith 1381692177 \
      PB ieee/STD_LOGIC_UNSIGNED 1381692179 PH work/common 1521603115
AR work/opcode_decoder/Behavioral 1521601719 \
      FL /home/seth.ballance/Desktop/Architecture-Project/Architecture/opcode_decoder.vhd \
      EN work/opcode_decoder 1521601718
FL /home/seth.ballance/Desktop/Architecture-Project/Architecture/opc_fetch.vhd 2018/03/20.19:57:52 P.20131013
EN work/opc_fetch 1521601716 \
      FL /home/seth.ballance/Desktop/Architecture-Project/Architecture/opc_fetch.vhd \
      PB ieee/std_logic_1164 1381692176 PB ieee/std_logic_arith 1381692177 \
      PB ieee/STD_LOGIC_UNSIGNED 1381692179
AR work/opc_fetch/Behavioral 1521601717 \
      FL /home/seth.ballance/Desktop/Architecture-Project/Architecture/opc_fetch.vhd \
      EN work/opc_fetch 1521601716 CP program_memory
FL /home/seth.ballance/Desktop/Architecture-Project/Architecture/program_memory.vhd 2018/03/20.20:02:46 P.20131013
EN work/program_memory 1521603123 \
      FL /home/seth.ballance/Desktop/Architecture-Project/Architecture/program_memory.vhd \
      PB ieee/std_logic_1164 1381692176 PB ieee/std_logic_arith 1381692177 \
      PB ieee/STD_LOGIC_UNSIGNED 1381692179 PH work/program_memory_content 1521603116
AR work/program_memory/Behavioral 1521603124 \
      FL /home/seth.ballance/Desktop/Architecture-Project/Architecture/program_memory.vhd \
      EN work/program_memory 1521603123 CP ramb4_s4_s4
FL /home/seth.ballance/Desktop/Architecture-Project/Architecture/register_16.vhd 2018/03/20.14:42:21 P.20131013
EN work/register_16 1521603113 \
      FL /home/seth.ballance/Desktop/Architecture-Project/Architecture/register_16.vhd \
      PB ieee/std_logic_1164 1381692176 PB ieee/std_logic_arith 1381692177 \
      PB ieee/STD_LOGIC_UNSIGNED 1381692179
AR work/register_16/Behavioral 1521603114 \
      FL /home/seth.ballance/Desktop/Architecture-Project/Architecture/register_16.vhd \
      EN work/register_16 1521603113
FL /home/seth.ballance/Desktop/Architecture-Project/Architecture/register_file.vhd 2018/03/20.18:25:05 P.20131013
EN work/register_file 1521603121 \
      FL /home/seth.ballance/Desktop/Architecture-Project/Architecture/register_file.vhd \
      PB ieee/std_logic_1164 1381692176 PB ieee/STD_LOGIC_UNSIGNED 1381692179 \
      PB ieee/std_logic_arith 1381692177
AR work/register_file/Behavioral 1521603122 \
      FL /home/seth.ballance/Desktop/Architecture-Project/Architecture/register_file.vhd \
      EN work/register_file 1521603121 CP register_16
FL /home/seth.ballance/Desktop/Architecture-Project/Architecture/seven_segment.vhd 2018/03/20.17:37:13 P.20131013
EN work/seven_segment 1521601724 \
      FL /home/seth.ballance/Desktop/Architecture-Project/Architecture/seven_segment.vhd \
      PB ieee/std_logic_1164 1381692176 PB ieee/std_logic_arith 1381692177 \
      PB ieee/STD_LOGIC_UNSIGNED 1381692179
AR work/seven_segment/Behavioral 1521601725 \
      FL /home/seth.ballance/Desktop/Architecture-Project/Architecture/seven_segment.vhd \
      EN work/seven_segment 1521601724
FL /home/seth.ballance/Desktop/Architecture-Project/Architecture/src/io.vhd 2018/03/20.20:31:49 P.20131013
EN work/io 0 \
      FL /home/seth.ballance/Desktop/Architecture-Project/Architecture/src/io.vhd \
      PB ieee/std_logic_1164 1381692176 PB ieee/std_logic_arith 1381692177 \
      PB ieee/STD_LOGIC_UNSIGNED 1381692179
AR work/io/Behavioral 0 \
      FL /home/seth.ballance/Desktop/Architecture-Project/Architecture/src/io.vhd \
      EN work/io 0 CP uart_rx
EN work/uart_rx 0 \
      FL /home/seth.ballance/Desktop/Architecture-Project/Architecture/uart_rx.vhd \
      PB ieee/std_logic_1164 1381692176 PB ieee/std_logic_arith 1381692177 \
      PB ieee/STD_LOGIC_UNSIGNED 1381692179
AR work/uart_rx/Behavioral 0 \
      FL /home/seth.ballance/Desktop/Architecture-Project/Architecture/uart_rx.vhd \
      EN work/uart_rx 0
FL /home/seth.ballance/Desktop/Architecture-Project/New/program_memory_content.vhd 2018/03/20.19:47:52 P.20131013
PH work/program_memory_content 1521603116 \
      FL /home/seth.ballance/Desktop/Architecture-Project/New/program_memory_content.vhd \
      PB ieee/std_logic_1164 1381692176
FL /home/seth.ballance/Desktop/Architecture-Project/New/ramb4_s4_s4.vhd 2018/03/20.20:31:48 P.20131013
EN work/ramb4_s4_s4 1521603117 \
      FL /home/seth.ballance/Desktop/Architecture-Project/New/ramb4_s4_s4.vhd \
      PB ieee/std_logic_1164 1381692176 PB ieee/STD_LOGIC_SIGNED 1381692178 \
      PB ieee/STD_LOGIC_UNSIGNED 1381692179 PB ieee/NUMERIC_STD 1381692181
AR work/ramb4_s4_s4/Behavioral 1521603118 \
      FL /home/seth.ballance/Desktop/Architecture-Project/New/ramb4_s4_s4.vhd \
      EN work/ramb4_s4_s4 1521603117
