V3 29
FL /home/seth.ballance/Desktop/Architecture-Project/Architecture/booths_architecture.vhd 2018/03/20.17:27:44 P.20131013
EN work/booths_architecture 1521593559 \
      FL /home/seth.ballance/Desktop/Architecture-Project/Architecture/booths_architecture.vhd \
      PB ieee/std_logic_1164 1381692176 PB ieee/std_logic_arith 1381692177 \
      PB ieee/STD_LOGIC_UNSIGNED 1381692179
AR work/booths_architecture/Behavioral 1521593560 \
      FL /home/seth.ballance/Desktop/Architecture-Project/Architecture/booths_architecture.vhd \
      EN work/booths_architecture 1521593559 CP cpu_core CP io CP seven_segment
FL /home/seth.ballance/Desktop/Architecture-Project/Architecture/common.vhd 2018/03/20.15:58:43 P.20131013
PH work/common 1521593550 \
      FL /home/seth.ballance/Desktop/Architecture-Project/Architecture/common.vhd \
      PB ieee/std_logic_1164 1381692176
FL /home/seth.ballance/Desktop/Architecture-Project/Architecture/cpu_core.vhd 2018/03/20.17:50:32 P.20131013
EN work/cpu_core 1521593555 \
      FL /home/seth.ballance/Desktop/Architecture-Project/Architecture/cpu_core.vhd \
      PB ieee/std_logic_1164 1381692176 PB ieee/std_logic_arith 1381692177 \
      PB ieee/STD_LOGIC_UNSIGNED 1381692179
AR work/cpu_core/Behavioral 1521593556 \
      FL /home/seth.ballance/Desktop/Architecture-Project/Architecture/cpu_core.vhd \
      EN work/cpu_core 1521593555 CP opc_fetch CP opcode_decoder CP data_path
FL /home/seth.ballance/Desktop/Architecture-Project/Architecture/data_path.vhd 2018/03/20.16:45:52 P.20131013
EN work/data_path 1521592549 \
      FL /home/seth.ballance/Desktop/Architecture-Project/Architecture/data_path.vhd \
      PB ieee/std_logic_1164 1381692176 PB ieee/std_logic_arith 1381692177 \
      PB ieee/STD_LOGIC_UNSIGNED 1381692179 PH work/common 1521593550
AR work/data_path/behavioral 1521592550 \
      FL /home/seth.ballance/Desktop/Architecture-Project/Architecture/data_path.vhd \
      EN work/data_path 1521592549 CP alu CP register_file
FL /home/seth.ballance/Desktop/Architecture-Project/Architecture/opcode_decoder.vhd 2018/03/20.17:52:03 P.20131013
EN work/opcode_decoder 1521593553 \
      FL /home/seth.ballance/Desktop/Architecture-Project/Architecture/opcode_decoder.vhd \
      PB ieee/std_logic_1164 1381692176 PB ieee/std_logic_arith 1381692177 \
      PB ieee/STD_LOGIC_UNSIGNED 1381692179 PH work/common 1521593550
AR work/opcode_decoder/Behavioral 1521593554 \
      FL /home/seth.ballance/Desktop/Architecture-Project/Architecture/opcode_decoder.vhd \
      EN work/opcode_decoder 1521593553
FL /home/seth.ballance/Desktop/Architecture-Project/Architecture/opc_fetch.vhd 2018/03/20.16:53:12 P.20131013
EN work/opc_fetch 1521593551 \
      FL /home/seth.ballance/Desktop/Architecture-Project/Architecture/opc_fetch.vhd \
      PB ieee/std_logic_1164 1381692176 PB ieee/std_logic_arith 1381692177 \
      PB ieee/STD_LOGIC_UNSIGNED 1381692179
AR work/opc_fetch/Behavioral 1521593552 \
      FL /home/seth.ballance/Desktop/Architecture-Project/Architecture/opc_fetch.vhd \
      EN work/opc_fetch 1521593551 CP program_memory
FL /home/seth.ballance/Desktop/Architecture-Project/Architecture/seven_segment.vhd 2018/03/20.17:37:13 P.20131013
EN work/seven_segment 1521593557 \
      FL /home/seth.ballance/Desktop/Architecture-Project/Architecture/seven_segment.vhd \
      PB ieee/std_logic_1164 1381692176 PB ieee/std_logic_arith 1381692177 \
      PB ieee/STD_LOGIC_UNSIGNED 1381692179
AR work/seven_segment/Behavioral 1521593558 \
      FL /home/seth.ballance/Desktop/Architecture-Project/Architecture/seven_segment.vhd \
      EN work/seven_segment 1521593557
